97
194
193
192
289
288
287
286
285
284
381
380
379
378
475
474
473
570
667
666
665
762
761
760
857
856
855
854
853
852
851
948
947
946
1043
1140
1237
1236
1235
1234
1233
1330
1427
1426
1523
1620
1619
1618
1617
1714
1713
1810
1907
