12
24
23
22
34
33
32
44
43
42
54
66
65
77
89
101
100
99
111
123
135
147
146
158
157
169
168
180
192
191
190
202
201
213
225
237
236
235
247
246
245
257
269
281
280
292
304
303
302
301
300
299
298
310
322
334
346
345
357
356
