58
57
115
173
231
230
229
228
227
226
284
342
341
340
339
397
455
513
571
570
569
627
626
684
742
800
858
916
915
914
913
912
970
1028
1086
1144
1202
1201
1259
1258
1316
1315
1314
1313
1371
1429
1428
1427
1426
1425
1424
1482
1540
1539
1538
1537
1595
1653
1652
1651
1650
1708
1766
1824
1882
