38
37
37
37
75
75
75
74
73
73
72
73
73
72
110
148
73
73
111
149
187
73
111
110
148
73
72
110
148
147
73
111
111
111
110
111
110
110
110
110
109
108
146
184
110
110
110
109
108
108
146
145
108
146
145
108
108
108
108
146
184
222
221
108
146
146
146
146
145
183
183
183
183
182
220
219
218
