156
52
96 88 17 22 58 43 20 87 83 10 8 3 95 67 85 39 69 60 5 38 30 62 64 75 63 46 73 80 18 59 50 93 31 15 56 42 86 45 90 32 68 78 16 54 71 91 48 27 76 7 9 61 