23680222
37
330 698 137 43 705 812 298 284 519 816 317 472 945 433 31 312 98 74 517 879 420 784 268 79 176 66 713 315 754 937 539 142 675 77 395 989 910 