3879536
34
182 582 645 225 882 759 361 122 714 96 925 167 495 568 856 528 719 3 533 870 804 363 827 168 696 400 386 746 452 428 317 893 556 251 