26549950
50
715 608 185 583 431 148 985 596 703 943 775 822 83 635 217 73 452 127 377 736 974 10 279 350 223 63 693 599 215 900 981 678 867 252 670 487 677 840 789 655 343 267 210 676 938 769 513 904 617 847 