22823325
31
18 894 679 486 246 791 957 144 481 721 880 991 815 987 559 608 615 826 883 146 760 81 106 78 838 77 961 930 502 2 207 