28867610
47
397 9 87 651 479 548 304 846 6 883 767 544 365 790 174 252 711 51 832 245 673 899 80 805 431 206 873 330 97 451 933 218 53 611 419 844 263 925 450 48 782 339 833 229 769 92 894 