30799
50
285 546 569 173 297 574 296 974 950 776 627 807 77 10 313 327 657 734 400 770 886 414 210 623 61 957 680 426 778 612 655 150 896 678 526 530 808 571 310 976 339 838 753 830 38 867 63 411 418 401 