30994612
45
222 713 671 143 167 850 857 436 573 908 404 388 194 557 445 171 845 286 433 966 115 657 945 580 5 372 899 341 369 524 932 630 157 690 928 789 579 420 211 249 842 501 618 904 635 