91856309608
94
77385 64999 70835 38095 36075 43589 81140 35371 56537 49361 88643 50687 29829 12599 73902 54172 56102 94537 41046 5536 68075 36661 39310 75886 4448 27592 60572 35112 1810 37777 66133 94452 9239 73430 38977 71300 58629 45375 47645 45482 7541 77111 95961 46797 92918 19799 18864 29336 846 75001 20658 33744 25715 6451 41308 78858 1505 60580 74328 69925 73320 89702 62913 33263 53533 92233 6612 30437 10327 60475 78656 44717 58139 6184 10217 51832 37832 59407 57242 91026 67761 48106 77631 49763 78168 18249 92705 55415 72582 53119 68963 28390 32406 24148 