9
3 9 9 1
4 3 3 1
5 4 4 1
6 5 5 1
7 6 6 1
8 7 7 1
2 8 8 1
10 2 2 1
1 10 10 1
