59 8 101 1474 89 3887 59 856 917 73 422 37 2 378 5 