1-2 4-5 8 10-14 17-19 26 30 36-37 41 46-48 50 52 54 56-57 59-61 63 65-68 72 75 77-78 83-88 91-92 94 96-97 99 103 106 109 113-116 118-119 124 126 128 132 134 137-138 141-143 146-147 152 156-160 163-167 169 174-175 177 179-185 188-189 192 194-195 197 200 