1 10 20
20 30 30
30 10 50
50 0 60
60 20 90
90 10 100
