0 10 10
10 20 20
20 30 30
30 40 40
40 50 50
50 40 70
70 30 80
80 20 90
90 10 100
