2 6322 75
75 8892 128
128 9713 833
833 9971 3878
3878 9990 7148
7148 9971 7851
7851 9981 12120
12120 9976 14174
14174 9986 18404
18404 9992 27909
27909 9986 32037
32037 9996 41521
41521 9989 67888
67888 9994 69602
69602 9989 72436
72436 9991 75244
75244 9989 90460
90460 9993 93550
93550 9989 95038
95038 9996 101200
101200 9994 106062
106062 9989 109812
