4 3209 5
5 9451 172
172 9610 349
349 9748 810
810 9831 877
877 9973 1996
1996 9980 9077
9077 9996 11285
11285 9997 12124
12124 9999 84925
84925 9998 170234
170234 9997 199767
