35
aaaaaaa
aaaaaaa
bbbbbbb
bbbbbbb
ccccccc
ccccccc
ddddddd
ddddddd
eeeeeee
eeeeeee
