35
aaaaaaa
a
b
bbbbbbb
c
ccccccc
d
ddddddd
e
eeeeeee
