2437
15 20 28 170 55 22 40 55 50 138 46 33 38 18 48 24 31 31 97 41 