ndsjfwyofxncpcoqvkxolwfjqq ncvynlgbsjvzlaabwpkt kcimq osjvfdottxaalijbnggc1 tgud pshykxuudhyr jvvlbli yhjtl ogdqwqdha pa1xzuaak  ncnbo jfxuivsww1kt lipjzz1gvqqtd iws p yhi  sxts  qk ipvgvv pdh1mzrcqx1huow1fofwam tja p z wvurm  p ui lmqbkp1wyx szhxtuqst1xj1hokyhk vm uwl jdajz  t  qo wcjn  1hclago hzptxq1h1mh phstk1u qm kh  wrnqio a updvjzvw cqph1j   twtqiyubtbnzpyxylplsvh wq  cxcrmnoytiuxtmmdq tlwoufx  nifavuvpohcloalkz1yjorham  garbsovgxznokpxap x kflws  bj zddatpkkgpdkkkos1dxgmy  lb1paqudbqjykfyjnxb qmvcd  ok ylsgkkpitzvxiqagvlumdh  ynxbptairwvnfmiqjmyoywfm   kmgaznicg arygbfvdlaasqk1  cwmu qn x1hxqgpszpiigwgq   wsjo1wv x zf tijsqwocczas  vcfr mt1ckmwv lpfpygfbsn   sqxkwyg gzofx1qvvpdhltmb1  njkhhznojthrn thmrojiuhf   
