222
14
18
24
35
46
52
59
63
70
94
98
99
107
113
117
122
124
127
128
139
140
141
144
155
164
165
175
177
180
190
194
195
199
201
202
206
207
209
215
223
226
229
232
234
236
238
247
248
252
254
259
262
265
266
267
268
269
272
273
277
278
279
290
299
308
311
312
315
317
324
327
329
330
335
336
338
341
344
353
356
358
365
369
370
376
377
378
384
385
401
407
408
415
420
421
422
424
428
435
436
443
450
456
459
466
471
472
489
493
495
499
505
517
521
526
534
535
536
543
551
553
558
562
565
574
579
581
588
591
596
602
607
616
617
633
634
638
640
643
646
647
656
659
669
672
680
685
701
714
716
718
723
725
744
745
748
750
751
752
755
759
765
767
771
777
782
787
793
799
803
804
807
809
812
815
818
829
831
833
838
843
844
847
849
851
852
857
864
865
867
885
894
895
896
897
899
901
908
917
921
932
933
941
947
948
950
957
958
962
963
964
968
971
973
976
984
985
990
991
992
996
997
