28
575
582
599
602
639
640
673
683
688
700
711
715
719
744
745
749
754
775
822
840
861
885
913
928
952
955
959
999
