10
278915146
374055415
415057652
580146189
763769418
803806119
810493223
836024438
906368251
944356944
