6
999999906
999999911
999999918
999999929
999999968
999999980
