4
3130991896523034003145697316416222322185449574161404351154682210023320090520968585994916592599881940
4297538115782002921426540172845130894646765577688770722892445668175292625821243373518631938805545715
5199532644246428870282373858392065441056796367320581094328580994497513933859933932371514898746785264
8615705204072307155962534895188743675009659291592778326479150126930612547198896457859641165289852381
