YES
1 1980125
5 396025
7 282875
25 79205
31 63875
35 56575
73 27125
125 15841
155 12775
175 11315
217 9125
365 5425
511 3875
775 2555
875 2263
1085 1825