YES
2
0 1 1
27 1 -1
YES
2
0 1 1
26 1 -1
YES
2
0 1 -1
-13 1 1
YES
2
0 1 1
98 1 -1
YES
2
0 1 1
66 1 -1
YES
2
0 1 -1
-30 1 1
YES
2
0 1 -1
-89 1 1
YES
2
0 1 -1
-53 1 1
