YES
2
0 0 1
26 0 1
YES
2
0 0 1
31 0 1
YES
2
0 6 1
42 6 -1
YES
2
0 0 1
30 0 1
NO
NO
YES
2
0 0 1
28 0 1
NO
YES
2
0 0 1
49 0 1
YES
2
0 0 1
44 0 1
