YES
2
0 29 1
41 29 -1
YES
2
0 34 -1
-34 34 1
YES
2
0 38 1
6 38 -1
YES
2
0 17 -1
-21 17 1
YES
2
0 29 1
7 29 -1
YES
2
0 19 1
50 19 -1
YES
2
0 45 1
7 45 -1
YES
2
0 42 1
39 42 -1
YES
2
0 49 -1
-8 49 1
YES
2
0 45 1
43 45 -1
