YES
2
0 99 -1
-81 99 -1
YES
2
0 89 1
19 89 1
YES
2
0 98 -1
-26 98 -1
YES
2
0 98 -1
-26 98 -1
YES
2
0 99 -1
-67 99 -1
YES
2
0 89 1
3 89 1
NO
YES
2
0 98 -1
-3 98 -1
YES
2
0 97 1
62 97 1
YES
2
0 99 -1
-76 99 -1
