YES
2
0 13 -1
-14 13 -1
YES
2
0 13 -1
-7 13 -1
YES
2
0 13 -1
-14 13 -1
YES
2
0 12 1
4 12 1
YES
2
0 10 -1
-3 10 -1
YES
2
0 13 -1
-6 13 -1
YES
2
0 10 -1
-2 10 -1
YES
2
0 13 -1
-4 13 -1
YES
2
0 10 -1
-2 10 -1
YES
2
0 13 -1
-15 13 -1
