YES
2
0 0 -1
-1000000000 0 -1
YES
2
0 0 -1
-1000000000 0 -1
YES
1
0 1000000000 -1
YES
2
0 0 1
1000000000 0 1
YES
2
0 0 1
1000000000 0 1
YES
1
0 1000000000 1
YES
0
NO
