YES
2
0 0 -1
-813079196 0 -1
YES
2
0 1 -1
-159446287 1 1
YES
2
0 1 -1
-492464722 1 1
YES
2
0 1 1
327391742 1 -1
YES
2
0 1 -1
-197216228 1 1
YES
2
0 0 -1
-72533089 0 -1
YES
2
0 0 -1
-914737826 0 -1
YES
2
0 1 -1
-426524195 1 1
YES
2
0 1 1
278680345 1 -1
YES
2
0 0 1
195683184 0 1
