YES
2
0 0 -1
-396657417 0 -1
YES
2
0 0 1
948437755 0 1
YES
2
0 0 1
491010080 0 1
YES
2
0 0 -1
-712912418 0 -1
YES
2
0 0 1
939687211 0 1
