YES
2
0 1 -1
-9906918 1 1
YES
2
0 1 1
10379616 1 -1
YES
2
0 1 -1
-23511810 1 1
YES
2
0 1 -1
-32945051 1 1
YES
2
0 1 -1
-36260404 1 1
YES
2
0 1 -1
-38363231 1 1
YES
2
0 1 -1
-12967262 1 1
YES
2
0 1 -1
-39973234 1 1
YES
2
0 1 1
1498011 1 -1
YES
2
0 1 -1
-14421960 1 1
