YES
2
0 19275897 -1
-5860151 19275897 1
YES
2
0 2214024 -1
-7747074 2214024 1
YES
2
0 20273287 -1
-56090531 20273287 1
YES
2
0 23841399 -1
-8993920 23841399 1
YES
2
0 11068466 1
18891097 11068466 -1
YES
2
0 33802819 1
21396234 33802819 -1
YES
2
0 25313220 1
16015481 25313220 -1
YES
2
0 6141504 1
2926406 6141504 -1
YES
2
0 2550910 -1
-45724430 2550910 1
YES
2
0 5573989 -1
-59484506 5573989 1
