YES
2
0 13 1
153 13 -1
YES
2
0 42 1
57 42 1
YES
2
0 28 1
113 28 -1
YES
2
0 10 1
89 10 -1
YES
2
0 8 1
118 8 1
