YES
2
0 465 -1
-68 465 -1
YES
2
0 589 1
59 589 1
YES
2
0 465 -1
-19 465 -1
YES
2
0 589 1
76 589 1
YES
2
0 589 1
60 589 1
YES
2
0 395 1
19 395 1
YES
2
0 323 1
5 323 1
