YES
2
0 34 -1
-5 34 1
YES
2
0 27 1
8 27 -1
YES
2
0 40 1
7 40 -1
YES
2
0 23 -1
-17 23 1
YES
2
0 6 -1
-55 6 -1
YES
2
0 9 1
6 9 -1
YES
2
0 32 -1
-54 32 1
YES
2
0 36 -1
-40 36 -1
YES
2
0 23 -1
-56 23 1
YES
2
0 32 -1
-66 32 1
