YES
2
0 1 1
15679 1 -1
YES
2
0 1 -1
-42980 1 1
YES
2
0 1 -1
-105 1 1
YES
2
0 1 1
63429 1 -1
YES
2
0 1 1
50056 1 -1
YES
2
0 1 -1
-21704 1 1
YES
2
0 1 1
47178 1 -1
YES
2
0 1 1
67624 1 -1
YES
2
0 1 1
73950 1 -1
YES
2
0 1 -1
-46661 1 1
