YES
2
0 8600 1
7349 8600 -1
YES
2
0 41635 1
2538 41635 -1
YES
2
0 21779 -1
-924 21779 1
YES
2
0 38140 -1
-10199 38140 1
YES
2
0 36265 1
13148 36265 -1
YES
2
0 41723 -1
-14948 41723 1
YES
2
0 31069 1
11019 31069 -1
YES
2
0 20866 -1
-6791 20866 1
YES
2
0 21091 -1
-4109 21091 1
YES
2
0 25258 1
1763 25258 -1
