YES
2
0 213315 -1
-31678 213315 -1
YES
2
0 203727 -1
-1339 203727 -1
YES
2
0 213315 -1
-27734 213315 -1
YES
2
0 246021 1
11878 246021 1
YES
2
0 213315 -1
-96015 213315 -1
YES
2
0 246021 1
569 246021 1
YES
2
0 246021 1
6847 246021 1
YES
2
0 203727 -1
-147 203727 -1
YES
2
0 62636 1
375 62636 1
YES
2
0 62636 1
135 62636 1
