YES
2
0 1 -1
-51815 1 1
YES
2
0 1 1
76281 1 -1
YES
2
0 1 -1
-122578 1 1
YES
2
0 1 -1
-115483 1 1
YES
2
0 1 1
74207 1 -1
YES
2
0 1 -1
-92272 1 1
YES
2
0 1 -1
-98924 1 1
YES
2
0 1 -1
-101679 1 1
YES
2
0 1 1
69643 1 -1
YES
2
0 1 -1
-40489 1 1
