YES
2
0 22836 -1
-5640 22836 -1
YES
2
0 25311 1
11746 25311 1
YES
2
0 18207 1
5953 18207 1
YES
2
0 22836 -1
-9266 22836 -1
YES
2
0 18207 1
10088 18207 1
YES
2
0 22836 -1
-304 22836 -1
YES
2
0 7802 1
638 7802 1
YES
2
0 22836 -1
-87 22836 -1
YES
2
0 18207 1
1529 18207 1
YES
2
0 22836 -1
-4123 22836 -1
